// Jest Snapshot v1, https://goo.gl/fbAQLP

exports[`modal 1`] = `
<body>
  <div />
</body>
`;

exports[`portal renders when opened 1`] = `
<body>
  <div />
</body>
`;
